[beistravel.com/index.html]
[www.googleoptimize.com/optimizecd84.js]
[cdn.shopify.com/s/files/1/0032/3423/4479/t/309/assets/lodash.escape85e1.js]
[d2wy8f7a9ursnm.cloudfront.net/v6/bugsnag.min.js]
[cdn.shopify.com/s/files/1/0032/3423/4479/t/309/assets/faviconc2cf.png]
[backblue.gif]
[fade.gif]
[index.html]
[cdn.shopify.com/s/files/1/0032/3423/4479/t/309/assets/fostr-helpers.scss68c1.css]
[cdn.shopify.com/s/files/1/0032/3423/4479/t/309/assets/app5ad0.css]
[cdn.tangiblee.com/integration/3.1/managed/beistravel.com/revision_1/variation_original/tangiblee-bundle.min.js]
[beistravel.com/POST.8.delayed]
[staticw2.yotpo.com/xtNM40vflNR3BipFuKoRTHUdNKCT00HE9mLCHErk/widget.js]
[cdn.shopify.com/shopifycloud/shopify/assets/shop_events_listener-eb19870e6f215e4e4acd8067d24ecfcbfee2d96d96aa8607e8fd45edf40eacc6.js]
[cdn.shopify.com/s/trekkie.storefront.2be6ca24936bccaa8d29f3ae9f16d12e413a733a.min.js]
[cdn.shopify.com/shopifycloud/boomerang/shopify-boomerang-1.0.0.min.js]
[cdn.shopify.com/shopifycloud/storefront-recaptcha-v3/v0.4/index.js]
[cdn.shopify.com/shopifycloud/shopify/assets/storefront/load_feature-a55261a7a987674749989983b5889eadaac6795d8d48548fb61470a96edb9524.js]
[cdn.shopify.com/shopifycloud/shopify/assets/shopify_pay/storefront-b61f50798075db890698930c4405673937fe89353f7fea7be88b5ce16a9c0af87f17.js]
[cdn.shopify.com/shopifycloud/shopify/assets/storefront/features-87e8399988880142f2c62771b9d8f2ff6c290b3ff745dd426eb0dfe0db9d1dae.js]
[cdn.shopify.com/s/files/1/0032/3423/4479/t/309/compiled_assets/styles5843.css]
[cdn.shopify.com/s/files/1/0032/3423/4479/t/309/assets/modernizr.min7c08.js]
[ajax.googleapis.com/ajax/libs/jquery/3.2.1/jquery.min.js]
[cdn.shopify.com/shopifycloud/shopify/assets/themes_support/option_selection-fe6b72c2bbdd3369ac0bfefe8648e3c889efca213baefd4cfb0dd9363563831f.js]
[player.vimeo.com/api/player.js]
[cdn.shopify.com/s/files/1/0032/3423/4479/t/309/assets/simple-lightbox.min.195843.delayed]
[cdn.shopify.com/s/files/1/0032/3423/4479/t/309/assets/simple-lightbox.minaa8c.js]
[cdn.shopify.com/s/files/1/0032/3423/4479/t/309/assets/fostr3f4e.js]
[cdn.shopify.com/s/files/1/0032/3423/4479/t/309/assets/fostr-helpers.min71e0.js]
[connect.facebook.net/en_US/fbevents.js]
[cdn.shopify.com/s/files/1/0032/3423/4479/t/309/assets/instabadgefa96.css]
[cdnjs.cloudflare.com/ajax/libs/featherlight/1.7.13/featherlight.min.css]
[cdnjs.cloudflare.com/ajax/libs/featherlight/1.7.13/featherlight.min.js]
[cdn.shopify.com/shopifycloud/shopify/assets/no-image-100-c91dd4bdb56513f2cbf4fc15436ca35e9d4ecd014546c8d421b1aece861dfecf_small.gif]
[code.jquery.com/jquery-3.2.1.min.js]
[app.termly.io/embed.min.js]
[beistravel.com/cart.html]
[cdn.shopify.com/s/files/1/0032/3423/4479/t/309/assets/app04ae.js]
[beistravel.com/collections/featured-collection.html]
[beistravel.com/collections/all.html]
[beistravel.com/collections/bags.html]
[beistravel.com/collections/luggage.html]
[beistravel.com/collections/accessories.html]
[beistravel.com/collections/sale.html]
[beistravel.com/pages/rewards.html]
[beistravel.com/account/login4236.html]
[beistravel.com/search.html]
[beistravel.com/collections/best-sellers.html]
[beistravel.com/collections/the-beis-moves-collection.html]
[beistravel.com/pages/baby-collection.html]
[cdn.shopify.com/s/files/1/0032/3423/4479/files/2667x4000_shop-all_300xbfdc.jpg]
[cdn.shopify.com/s/files/1/0032/3423/4479/files/2667x4000_moves_300xd5f3.jpg]
[beistravel.com/collections/coming-soon.html]
[cdn.shopify.com/s/files/1/0032/3423/4479/files/2667x4000_changingorg2_300x5139.jpg]
[cdn.shopify.com/s/files/1/0032/3423/4479/files/214-DSC02524_300xadce.jpg]
[beistravel.com/collections/fall-collection-2020.html]
[cdn.shopify.com/s/files/1/0032/3423/4479/files/2667x4000_lifestyle3_300x5ffe.jpg]
[cdn.shopify.com/s/files/1/0032/3423/4479/files/IMG_0029_2_300x1871.jpg]
[beistravel.com/collections/the-naturals-collection-nav.html]
[beistravel.com/collections/the-fall-seasonal-collection.html]
[beistravel.com/collections/weekender.html]
[beistravel.com/collections/work-totes.html]
[beistravel.com/collections/tote-bags.html]
[beistravel.com/collections/backpacks.html]
[cdn.shopify.com/s/files/1/0032/3423/4479/files/2667x4000_bagsnav_300x2b8c.jpg]
[beistravel.com/collections/the-baby-collection.html]
[beistravel.com/collections/active-bags.html]
[cdn.shopify.com/s/files/1/0032/3423/4479/files/2667x4000_luggagesetnav_300x8636.jpg]
[cdn.shopify.com/s/files/1/0032/3423/4479/files/hero-3-beige-luggage_769x1153_crop_center_88944b75-803f-4bb9-9a7b-21ca6d451182_300x4b30.jpg]
[beistravel.com/collections/luggage-bundle.html]
[beistravel.com/collections/cosmetic-bags.html]
[beistravel.com/collections/work-accessories.html]
[beistravel.com/collections/in-flight-accessories.html]
[cdn.shopify.com/s/files/1/0032/3423/4479/files/beistravel__0021_119133108001_Black_CosmeticCase_12_769x1153_crop_center_237a5b84-c9e1-4be3-97b8-fa3288f370eb_300xb044.jpg]
[cdn.shopify.com/s/files/1/0032/3423/4479/collections/2667x4000_shop-all_130xe403.jpg]
[cdn.shopify.com/s/files/1/0032/3423/4479/files/2667x4000_moves_200xd5f3.jpg]
[cdn.shopify.com/s/files/1/0032/3423/4479/files/2667x4000_changingorg2_200x5139.jpg]
[beistravel.com/collections/wallets-and-wristlets.html]
[cdn.shopify.com/s/files/1/0032/3423/4479/files/214-DSC02524_200xadce.jpg]
[cdn.shopify.com/s/files/1/0032/3423/4479/files/2667x4000_lifestyle3_200x5ffe.jpg]
[cdn.shopify.com/s/files/1/0032/3423/4479/files/IMG_0029_2_200x1871.jpg]
[beistravel.com/collections/large-bags.html]
[beistravel.com/pages/contact-us.html]
[beistravel.com/pages/faq.html]
[cdn.shopify.com/s/files/1/0032/3423/4479/files/moodbeigerroller_2000xf58d.jpg]
[beistravel.com/pages/shipping.html]
[cdn.shopify.com/s/files/1/0032/3423/4479/files/mood1_d5b40a56-38bf-4cf6-97c0-f7fea50d5846_2000xcaac.jpg]
[cdn.shopify.com/s/files/1/0032/3423/4479/files/mood_64832459-3494-4c9e-ad2d-be3c635c8872_2000x9de6.jpg]
[beistravel.com/pages/about.html]
[cdn.dashhudson.com/web/js/board-embed.js]
[www.klaviyo.com/media/js/public/klaviyo_subscribe.js]
[beistravel.com/pages/returns-exchanges.html]
[beistravel.com/pages/terms-conditions.html]
[beistravel.com/pages/privacy-policy.html]
[beistravel.com/pages/cookies.html]
[beistravel.com/pages/stores.html]
[beistravel.com/blogs/news.html]
[beistravel.com/pages/delete-me.html]
[static.klaviyo.com/onsite/js/klaviyo0c32.js]
[beistravel.com/config.gorgias.chat]
[beistravel.com/GET]
[unpkg.com/@loophq/onstore-sdk@latest/dist/loop-onstore-sdk.67.delayed]
[cdn.shopify.com/s/files/1/0032/3423/4479/t/309/assets/moment-w-timezone.min9c4b.js]
[beistravel.com/“https_/cdn.attn.tv/beistravel/dtag.69.delayed]
[beistravel.com/index.html]
[unpkg.com/@loophq/onstore-sdk@1.0.9/dist/loop-onstore-sdk.js]
[cdn.shopify.com/s/files/1/0032/3423/4479/t/309/assets/slick.eot]
[cdn.shopify.com/s/files/1/0032/3423/4479/t/309/assets/slickd41d.eot]
[cdn.shopify.com/s/files/1/0032/3423/4479/t/309/assets/slick.woff]
[cdn.shopify.com/s/files/1/0032/3423/4479/t/309/assets/slick.ttf]
[cdn.shopify.com/s/files/1/0032/3423/4479/t/309/assets/slick.svg]
[cdn.shopify.com/s/files/1/0032/3423/4479/t/309/assets/fonts/slick.eot]
[cdn.shopify.com/s/files/1/0032/3423/4479/t/309/assets/fonts/slickd41d.eot]
[cdn.shopify.com/s/files/1/0032/3423/4479/t/309/assets/fonts/slick.woff]
[cdn.shopify.com/s/files/1/0032/3423/4479/t/309/assets/fonts/slick.ttf]
[cdn.shopify.com/s/files/1/0032/3423/4479/t/309/assets/fonts/slick.svg]
[cdn.shopify.com/s/files/1/0032/3423/4479/t/309/assets/icon-chevronfa78.svg]
[cdn.shopify.com/s/files/1/0032/3423/4479/t/309/assets/icon-close-thinb97c.svg]
[cdn.shopify.com/s/files/1/0032/3423/4479/t/309/assets/loader587a.svg]
[cdn.shopify.com/s/files/1/0032/3423/4479/t/309/assets/fostr-helpers.scss68c1.css]
[cdn.shopify.com/s/files/1/0032/3423/4479/t/309/assets/Canela-ThinItalic.woff2]
[cdn.shopify.com/s/files/1/0032/3423/4479/t/309/assets/Canela-ThinItalic.woff]
[cdn.shopify.com/s/files/1/0032/3423/4479/t/309/assets/Canela-Thin.woff2]
[cdn.shopify.com/s/files/1/0032/3423/4479/t/309/assets/Canela-Thin.woff]
[cdn.shopify.com/s/files/1/0032/3423/4479/t/309/assets/Canela-BoldItalic.woff2]
[cdn.shopify.com/s/files/1/0032/3423/4479/t/309/assets/Canela-BoldItalic.woff]
[cdn.shopify.com/s/files/1/0032/3423/4479/t/309/assets/Canela-RegularItalic.woff2]
[cdn.shopify.com/s/files/1/0032/3423/4479/t/309/assets/Canela-RegularItalic.woff]
[cdn.shopify.com/s/files/1/0032/3423/4479/t/309/assets/Canela-Medium.woff2]
[cdn.shopify.com/s/files/1/0032/3423/4479/t/309/assets/Canela-Medium.woff]
[cdn.shopify.com/s/files/1/0032/3423/4479/t/309/assets/Canela-MediumItalic.woff2]
[cdn.shopify.com/s/files/1/0032/3423/4479/t/309/assets/Canela-MediumItalic.woff]
[cdn.shopify.com/s/files/1/0032/3423/4479/t/309/assets/Canela-Bold.woff2]
[cdn.shopify.com/s/files/1/0032/3423/4479/t/309/assets/Canela-Bold.woff]
[cdn.shopify.com/s/files/1/0032/3423/4479/t/309/assets/Canela-Black.woff2]
[cdn.shopify.com/s/files/1/0032/3423/4479/t/309/assets/Canela-Black.woff]
[cdn.shopify.com/s/files/1/0032/3423/4479/t/309/assets/Canela-Regular.woff2]
[cdn.shopify.com/s/files/1/0032/3423/4479/t/309/assets/Canela-Regular.woff]
[cdn.shopify.com/s/files/1/0032/3423/4479/t/309/assets/Canela-LightItalic.woff2]
[cdn.shopify.com/s/files/1/0032/3423/4479/t/309/assets/Canela-LightItalic.woff]
[cdn.shopify.com/s/files/1/0032/3423/4479/t/309/assets/Canela-Light.woff2]
[cdn.shopify.com/s/files/1/0032/3423/4479/t/309/assets/Canela-Light.woff]
[cdn.shopify.com/s/files/1/0032/3423/4479/t/309/assets/Canela-BlackItalic.woff2]
[cdn.shopify.com/s/files/1/0032/3423/4479/t/309/assets/Canela-BlackItalic.woff]
[cdn.shopify.com/s/files/1/0032/3423/4479/t/309/assets/BrandonGrotesque-BlackItalic.woff2]
[cdn.shopify.com/s/files/1/0032/3423/4479/t/309/assets/BrandonGrotesque-BlackItalic.woff]
[cdn.shopify.com/s/files/1/0032/3423/4479/t/309/assets/BrandonGrotesque-Regular.woff2]
[cdn.shopify.com/s/files/1/0032/3423/4479/t/309/assets/BrandonGrotesque-Regular.woff]
[cdn.shopify.com/s/files/1/0032/3423/4479/t/309/assets/BrandonGrotesque-RegularItalic.woff2]
[cdn.shopify.com/s/files/1/0032/3423/4479/t/309/assets/BrandonGrotesque-RegularItalic.woff]
[cdn.shopify.com/s/files/1/0032/3423/4479/t/309/assets/BrandonGrotesque-Light.woff2]
[cdn.shopify.com/s/files/1/0032/3423/4479/t/309/assets/BrandonGrotesque-Light.woff]
[cdn.shopify.com/s/files/1/0032/3423/4479/t/309/assets/BrandonGrotesque-Black.woff2]
[cdn.shopify.com/s/files/1/0032/3423/4479/t/309/assets/BrandonGrotesque-Black.woff]
[cdn.shopify.com/s/files/1/0032/3423/4479/t/309/assets/BrandonGrotesque-Medium.woff2]
[cdn.shopify.com/s/files/1/0032/3423/4479/t/309/assets/BrandonGrotesque-Medium.woff]
[cdn.shopify.com/s/files/1/0032/3423/4479/t/309/assets/BrandonGrotesque-MediumItalic.woff2]
[cdn.shopify.com/s/files/1/0032/3423/4479/t/309/assets/BrandonGrotesque-MediumItalic.woff]
[cdn.shopify.com/s/files/1/0032/3423/4479/t/309/assets/BrandonGrotesque-Bold.woff2]
[cdn.shopify.com/s/files/1/0032/3423/4479/t/309/assets/BrandonGrotesque-Bold.woff]
[cdn.shopify.com/s/files/1/0032/3423/4479/t/309/assets/BrandonGrotesque-LightItalic.woff2]
[cdn.shopify.com/s/files/1/0032/3423/4479/t/309/assets/BrandonGrotesque-LightItalic.woff]
[cdn.shopify.com/s/files/1/0032/3423/4479/t/309/assets/BrandonGrotesque-ThinItalic.woff2]
[cdn.shopify.com/s/files/1/0032/3423/4479/t/309/assets/BrandonGrotesque-ThinItalic.woff]
[cdn.shopify.com/s/files/1/0032/3423/4479/t/309/assets/BrandonGrotesque-BoldItalic.woff2]
[cdn.shopify.com/s/files/1/0032/3423/4479/t/309/assets/BrandonGrotesque-BoldItalic.woff]
[cdn.shopify.com/s/files/1/0032/3423/4479/t/309/assets/BrandonGrotesque-Thin.woff2]
[cdn.shopify.com/s/files/1/0032/3423/4479/t/309/assets/BrandonGrotesque-Thin.woff]
[cdn.shopify.com/s/files/1/0032/3423/4479/t/309/assets/icon-close.svg]
[cdn.shopify.com/s/files/1/0032/3423/4479/t/309/assets/icon-muted.svg]
[cdn.shopify.com/s/files/1/0032/3423/4479/t/309/assets/icon-unmuted.svg]
[cdn.shopify.com/s/files/1/0032/3423/4479/t/309/assets/icon-arrow-up.svg]
[cdn.shopify.com/s/files/1/0032/3423/4479/t/309/assets/icon-video-thumb.svg]
[cdn.shopify.com/s/files/1/0032/3423/4479/t/309/assets/icon-arrow-up-black.svg]
[cdn.shopify.com/s/files/1/0032/3423/4479/t/309/assets/icon-arrow-down.png]
[cdn.shopify.com/s/files/1/0032/3423/4479/t/309/assets/chevron.svg]
[cdn.shopify.com/s/files/1/0032/3423/4479/t/309/assets/icon-eye-a.svg]
[cdn.shopify.com/s/files/1/0032/3423/4479/t/309/assets/icon-eye-b.svg]
[cdn.shopify.com/s/files/1/0032/3423/4479/t/309/assets/icon-white-check.svg]
[cdn.shopify.com/s/files/1/0032/3423/4479/t/309/assets/app5ad0.css]
[beistravel.com/POST.html]
[cdn.shopify.com/s/files/1/0032/3423/4479/t/309/compiled_assets/styles5843.css]
[cdn.shopify.com/s/files/1/0032/3423/4479/t/309/compiled_assets/scripts5843.js]
[cdn.shopify.com/s/files/1/0032/3423/4479/t/309/assets/simple-lightbox.min5843.html]
[beistravel.com/c.b2.delayed]
[beistravel.com/b]
[connect.facebook.net/en_US/fbevents.js]
[cdn.shopify.com/s/files/1/0032/3423/4479/t/309/assets/instabadge-63579.png]
[cdn.shopify.com/s/files/1/0032/3423/4479/t/309/assets/instabadge-63580.png]
[cdn.shopify.com/s/files/1/0032/3423/4479/t/309/assets/instabadgefa96.css]
[cdnjs.cloudflare.com/ajax/libs/featherlight/1.7.13/featherlight.min.css]
[beistravel.com/cart.html]
[static-us.afterpay.com/javascript/present-afterpay.js]
[beistravel.com/collections/all.atom]
[beistravel.com/collections/all4658.html]
[beistravel.com/collections/all.oembed]
[beistravel.com/collections/POST]
[beistravel.com/collections/_https_/beistravel.com/collections/luggage_]
[beistravel.com/collections/_https_/beistravel.com/collections/bags_]
[beistravel.com/collections/_https_/beistravel.com/pages/tsa-lock-instructions_]
[beistravel.com/collections/_https_/beistravel.com/pages/tsa-lock-instructions__here._/a__br]
[beistravel.com/_https_/beistravel.com/pages/tsa-lock-instructions/_/u003ehere/u003c/a/u003e/u003cbr]
[beistravel.com/_https_/beistravel.com/collections/luggage/_]
[beistravel.com/_https_/beistravel.com/pages/tsa-lock-instructions/_]
[beistravel.com/collections/_https_/beistravel.com/pages/baby-collection__here_/a_._/p_]
[beistravel.com/collections/_https_/beistravel.com/pages/baby-collection___span]
[beistravel.com/collections/_https_/beistravel.com/pages/tsa-lock-instructions__here._/a__br_expandable]
[beistravel.com/_https_/beistravel.com/pages/tsa-lock-instructions/_/u003ehere/u003c/a/u003e/u003cbr/u003eexpandable]
[beistravel.com/collections/all9ba9.html]
[beistravel.com/collections/config.gorgias.chat]
[beistravel.com/collections/allfdfa.html]
[beistravel.com/collections/GET]
[beistravel.com/collections/“https_/cdn.attn.tv/beistravel/dtag.js”]
[beistravel.com/collections/all.html]
[beistravel.com/collections/featured-collection4658.html]
[beistravel.com/collections/featured-collection.atom]
[beistravel.com/collections/featured-collection.oembed]
[beistravel.com/collections/featured-collection9ba9.html]
[beistravel.com/collections/featured-collection.html]
[beistravel.com/collections/featured-collectionaf4d.html]
[beistravel.com/collections/bags.atom]
[beistravel.com/collections/bags.oembed]
[beistravel.com/collections/bags4658.html]
[beistravel.com/collections/bags9ba9.html]
[beistravel.com/collections/bagsfdb0.html]
[beistravel.com/collections/diaper-bags.html]
[beistravel.com/collections/bags.html]
[beistravel.com/collections/makeup-cosmetic-cases.html]
[beistravel.com/collections/luggage.atom]
[beistravel.com/collections/luggage.html]
[beistravel.com/collections/luggage.oembed]
[beistravel.com/collections/accessories.atom]
[beistravel.com/collections/accessories4658.html]
[beistravel.com/collections/accessories.oembed]
[beistravel.com/collections/accessories.html]
[beistravel.com/collections/accessories9ba9.html]
[beistravel.com/collections/sale.atom]
[beistravel.com/collections/accessoriesfdb0.html]
[beistravel.com/collections/sale.html]
[beistravel.com/collections/sale.oembed]
[beistravel.com/pages/POST]
[stackpath.bootstrapcdn.com/font-awesome/4.7.0/css/font-awesome.min.css]
[cdnjs.cloudflare.com/ajax/libs/slick-carousel/1.9.0/slick-theme.min.css]
[cdnjs.cloudflare.com/ajax/libs/slick-carousel/1.9.0/slick.min.js]
[cdnjs.cloudflare.com/ajax/libs/slick-carousel/1.9.0/slick.min.css]
[cdn.shopify.com/s/files/1/0032/3423/4479/t/309/assets/swell-rewardsa1d5.js]
[cdn.shopify.com/s/files/1/0032/3423/4479/t/309/assets/swell-rewards.scss4092.css]
[cdn.shopify.com/s/files/1/0032/3423/4479/t/309/assets/swell-new-cropped-banner-imagec745.jpg]
[cdn.shopify.com/s/files/1/0032/3423/4479/t/309/assets/swell-new-cropped-banner-image-mbl7de5.jpg]
[beistravel.com/account/register.html]
[cdn.shopify.com/s/files/1/0032/3423/4479/t/309/assets/swell-new-how-it-work0706.jpg]
[cdn.shopify.com/s/files/1/0032/3423/4479/t/309/assets/swell-new-how-it-work-mblfc2d.jpg]
[cdn.shopify.com/s/files/1/0032/3423/4479/t/309/assets/swell-new-cropped-ways-to-earn8e16.jpg]
[cdn.shopify.com/s/files/1/0032/3423/4479/t/309/assets/swell-new-refer-friend93e6.jpg]
[beistravel.com/pages/refer.html]
[beistravel.com/pages/config.gorgias.101.delayed]
[beistravel.com/pages/GET]
[beistravel.com/pages/“https_/cdn.attn.tv/beistravel/dtag.js”]
[beistravel.com/pages/rewards.html]
[beistravel.com/account/login.html]
[beistravel.com/account/POST.105.delayed]
[cdn.shopify.com/shopifycloud/shopify/assets/themes_support/shopify_common-8ea6ac3faf357236a97f5de749df4da6e8436ca107bc3a4ee805cbf08bc47392.js]
[beistravel.com/account/config.gorgias.chat]
[beistravel.com/account/GET]
[beistravel.com/account/“https_/cdn.attn.tv/beistravel/dtag.js”]
[beistravel.com/account/login4236.html]
[cdn.shopify.com/s/global/search.css]
[beistravel.com/search.html]
[beistravel.com/collections/best-sellers.atom]
[beistravel.com/collections/best-sellers4658.html]
[beistravel.com/_https_/beistravel.com/collections/bags/_]
[beistravel.com/collections/best-sellers.oembed]
[beistravel.com/collections/best-sellers.html]
[beistravel.com/collections/best-sellers9ba9.html]
[beistravel.com/collections/best-sellers8c93.html]
[beistravel.com/collections/the-beis-moves-collection.html]
[beistravel.com/collections/the-beis-moves-collection.atom]
[cdn.shopify.com/s/files/1/0032/3423/4479/t/309/assets/fostr1d32.css]
[beistravel.com/collections/the-beis-moves-collection.oembed]
[cdn.shopify.com/s/files/1/0032/3423/4479/files/BEIS_Baby_Sizzle_MOBILE_IMAGE0_720x17b0.jpg]
[cdn.shopify.com/s/files/1/0032/3423/4479/t/309/assets/fostr-helpers-diaper15a0.js]
[cdn.shopify.com/s/files/1/0032/3423/4479/files/BEIS_Baby_Sizzle_DESKTOP_IMAGE0_720xfd5d.jpg]
[cdn.shopify.com/s/files/1/0032/3423/4479/files/Tote_Walk_Through_DESKTOP_IMAGE0_720x90aa.jpg]
[cdn.shopify.com/s/files/1/0032/3423/4479/t/309/assets/fostr-helpers-bundle.min2bc3.js]
[cdn.shopify.com/s/files/1/0032/3423/4479/files/Tote_Walk_Through_MOBILE_IMAGE0_720x4907.jpg]
[beistravel.com/pages/baby-collection.html]
[beistravel.com/collections/coming-soon.atom]
[beistravel.com/collections/coming-soon.html]
[cdn.shopify.com/s/files/1/0032/3423/4479/t/309/assets/fostr-fall.scss15b4.css]
[beistravel.com/collections/coming-soon.oembed]
[unpkg.com/simplebar@latest/dist/simplebar.129.delayed]
[unpkg.com/simplebar@5.3.4/dist/simplebar.css]
[beistravel.com/collections/fall-collection-2020.atom]
[unpkg.com/simplebar@latest/dist/simplebar.min.js]
[beistravel.com/collections/fall-collection-2020.oembed]
[cdn.shopify.com/s/files/1/0032/3423/4479/t/309/assets/fostr-fall0af3.js]
[cdn.shopify.com/s/files/1/0032/3423/4479/files/fall-collection-placeholder_440x2506801.jpg]
[cdn.shopify.com/s/files/1/0032/3423/4479/t/309/assets/fall-icon-newsletter32fb.png]
[beistravel.com/collections/fall-collection-2020.html]
[unpkg.com/simplebar@5.3.4/dist/simplebar.min.js]
[beistravel.com/collections/the-fall-seasonal-collection.atom]
[beistravel.com/collections/the-fall-seasonal-collection.html]
[beistravel.com/collections/the-fall-seasonal-collection.oembed]
[beistravel.com/collections/the-naturals-collection-nav.atom]
[beistravel.com/collections/the-naturals-collection-nav.html]
[beistravel.com/collections/the-naturals-collection-nav.oembed]
[beistravel.com/collections/weekender.atom]
[beistravel.com/collections/weekender.html]
[beistravel.com/collections/weekender.oembed]
[beistravel.com/collections/work-totes.atom]
[beistravel.com/collections/work-totes.html]
[beistravel.com/collections/work-totes.oembed]
[beistravel.com/collections/tote-bags.atom]
[beistravel.com/collections/tote-bags.html]
[beistravel.com/collections/tote-bags.oembed]
[beistravel.com/collections/tote-bags4658.html]
[beistravel.com/collections/backpacks.atom]
[beistravel.com/collections/backpacks.html]
[beistravel.com/collections/backpacks.oembed]
[beistravel.com/collections/the-baby-collection.atom]
[beistravel.com/collections/the-baby-collection.html]
[beistravel.com/collections/the-baby-collection.oembed]
[beistravel.com/collections/active-bags.atom]
[beistravel.com/collections/active-bags.html]
[beistravel.com/collections/active-bags.oembed]
[beistravel.com/collections/luggage-bundle.atom]
[beistravel.com/collections/luggage-bundle.oembed]
[cdn.shopify.com/s/files/1/0032/3423/4479/files/grey-swatch1124.jpg]
[cdn.shopify.com/s/files/1/0032/3423/4479/files/Mask_Group_45_2000x6d9b.jpg]
[cdn.shopify.com/s/files/1/0032/3423/4479/files/indicator2_2x_622eaa73-a23c-493a-9e83-9edf27a0e2d7_2000xf2e8.jpg]
[cdn.shopify.com/s/files/1/0032/3423/4479/files/expand2_2x_c9bad674-9ad7-440e-8973-417b28add03c_2000x93bb.jpg]
[beistravel.com/pages/tsa-lock-instructions.html]
[beistravel.com/collections/luggage-bundle.html]
[beistravel.com/collections/cosmetic-bags.atom]
[beistravel.com/collections/cosmetic-bags4658.html]
[beistravel.com/collections/cosmetic-bags.oembed]
[beistravel.com/collections/cosmetic-bags.html]
[beistravel.com/collections/in-flight-accessories.atom]
[beistravel.com/collections/in-flight-accessories.oembed]
[beistravel.com/collections/in-flight-accessories.html]
[beistravel.com/collections/work-accessories.atom]
[beistravel.com/collections/work-accessories.oembed]
[beistravel.com/collections/work-accessories.html]
[beistravel.com/collections/wallets-and-wristlets.atom]
[beistravel.com/collections/wallets-and-wristlets.oembed]
[beistravel.com/collections/wallets-and-wristlets.html]
[beistravel.com/collections/large-bags.atom]
[beistravel.com/collections/large-bags4658.html]
[beistravel.com/collections/large-bags.html]
[beistravel.com/pages/contact-us.html]
[beistravel.com/collections/large-bags.oembed]
[beistravel.com/pages/gift-card-terms-and-conditions.html]
[beistravel.com/pages/returns.html]
[beistravel.com/pages/check-gift-card-balance.html]
[beistravel.com/pages/lifetime-luggage-warranty.html]
[beistravel.com/pages/rewards-terms-and-conditions.html]
[beistravel.com/pages/faq.html]
[beistravel.com/pages/shipping.html]
[cdnjs.cloudflare.com/ajax/libs/lity/2.3.1/lity.min.css]
[cdnjs.cloudflare.com/ajax/libs/lity/2.3.1/lity.min.js]
[cdn.shopify.com/s/files/1/0032/3423/4479/files/IMG_0056_768x32a9.jpg]
[cdn.shopify.com/s/files/1/0032/3423/4479/files/IMG_0056_1400x32a9.jpg]
[cdn.shopify.com/s/files/1/0032/3423/4479/files/IMG_0056_2560x32a9.jpg]
[cdn.shopify.com/s/files/1/0032/3423/4479/files/IMG_0056_320x32a9.jpg]
[cdn.shopify.com/s/files/1/0032/3423/4479/files/about-2_1400x-_1_0c0f14b2-7e47-43a9-b290-ae841fdbba27_768x9bbd.jpg]
[cdn.shopify.com/s/files/1/0032/3423/4479/files/about-2_1400x-_1_0c0f14b2-7e47-43a9-b290-ae841fdbba27_1400x9bbd.jpg]
[cdn.shopify.com/s/files/1/0032/3423/4479/files/about-2_1400x-_1_0c0f14b2-7e47-43a9-b290-ae841fdbba27_2560x9bbd.jpg]
[cdn.shopify.com/s/files/1/0032/3423/4479/files/about-2_1400x-_1_0c0f14b2-7e47-43a9-b290-ae841fdbba27_320x9bbd.jpg]
[cdn.shopify.com/s/files/1/0032/3423/4479/files/about-page_768x10fc.jpg]
[cdn.shopify.com/s/files/1/0032/3423/4479/files/about-page_1400x10fc.jpg]
[cdn.shopify.com/s/files/1/0032/3423/4479/files/about-page_2560x10fc.jpg]
[cdn.shopify.com/s/files/1/0032/3423/4479/files/about-page_320x10fc.jpg]
[cdn.shopify.com/s/files/1/0032/3423/4479/files/about-beis_768x11c0.jpg]
[cdn.shopify.com/s/files/1/0032/3423/4479/files/about-beis_1400x11c0.jpg]
[cdn.shopify.com/s/files/1/0032/3423/4479/files/about-beis_2560x11c0.jpg]
[cdn.shopify.com/s/files/1/0032/3423/4479/files/about-beis_320x11c0.jpg]
[cdn.shopify.com/s/files/1/0032/3423/4479/files/aaaabout-5_1400x_98298fd3-9df2-4b83-9bf4-5b6fbb4391a8_768x3b48.jpg]
[cdn.shopify.com/s/files/1/0032/3423/4479/files/aaaabout-5_1400x_98298fd3-9df2-4b83-9bf4-5b6fbb4391a8_1400x3b48.jpg]
[cdn.shopify.com/s/files/1/0032/3423/4479/files/aaaabout-5_1400x_98298fd3-9df2-4b83-9bf4-5b6fbb4391a8_2560x3b48.jpg]
[cdn.shopify.com/s/files/1/0032/3423/4479/files/aaaabout-5_1400x_98298fd3-9df2-4b83-9bf4-5b6fbb4391a8_320x3b48.jpg]
[cdn.shopify.com/s/files/1/0032/3423/4479/t/309/assets/video-playace5.png]
[cdn.shopify.com/s/files/1/0032/3423/4479/t/309/assets/video-bannerc84e.jpg]
[cdn.shopify.com/shopifycloud/shopify/assets/no-image-2048-5e88c1b20e087fb7bbe9a3771824e743c244f437e4f8ba93bbf7b11b53f7824c_768x1151_crop_center.gif]
[cdn.shopify.com/shopifycloud/shopify/assets/no-image-2048-5e88c1b20e087fb7bbe9a3771824e743c244f437e4f8ba93bbf7b11b53f7824c_769x1153_crop_center.gif]
[cdn.shopify.com/shopifycloud/shopify/assets/no-image-2048-5e88c1b20e087fb7bbe9a3771824e743c244f437e4f8ba93bbf7b11b53f7824c_1200x1798_crop_center.gif]
[cdn.shopify.com/shopifycloud/shopify/assets/no-image-2048-5e88c1b20e087fb7bbe9a3771824e743c244f437e4f8ba93bbf7b11b53f7824c_1680x2519_crop_center.gif]
[beistravel.com/pages/about.html]
[cdn.shopify.com/s/files/1/0032/3423/4479/files/exchanges_300x5964.png]
[cdn.shopify.com/s/files/1/0032/3423/4479/files/returns_300x2176.png]
[cdn.shopify.com/s/files/1/0032/3423/4479/files/quality_300xa90b.png]
[cdn.shopify.com/s/files/1/0032/3423/4479/files/international_300xff33.png]
[beistravel.com/pages/returns-exchanges.html]
[beistravel.com/pages/terms-conditions.html]
[beistravel.com/pages/privacy-policy.html]
[beistravel.com/pages/cookies.html]
[cdn.shopify.com/s/files/1/0032/3423/4479/t/309/assets/stores-map75f7.css]
[beistravel.com/pages/stores.html]
[cdn.shopify.com/s/files/1/0032/3423/4479/t/309/assets/stores-map30ce.js]
[beistravel.com/blogs/news4658.html]
[beistravel.com/blogs/POST]
[cdn.shopify.com/s/files/1/0032/3423/4479/files/imagfe3_600xbf4f.jpg]
[cdn.shopify.com/s/files/1/0032/3423/4479/files/Screen_Shot_2020-06-23_at_5.16.33_PM_600x9f0c.png]
[cdn.shopify.com/s/files/1/0032/3423/4479/files/Desktop_Image0_1_600x09c9.jpg]
[beistravel.com/blogs/news/hacks-for-how-to-pack-toiletries-and-makeup.html]
[beistravel.com/blogs/news/genius-packing-tips-you-wish-you-knew-earlier.html]
[beistravel.com/blogs/news.atom]
[beistravel.com/blogs/news/tagged/baby-tips.html]
[beistravel.com/blogs/news/ultimate-guide-for-what-to-pack-in-a-carry-on.html]
[beistravel.com/blogs/news/tagged/date-nights.html]
[beistravel.com/blogs/news/tagged/girls-trips.html]
[beistravel.com/blogs/news/tagged/importance-of-travel.html]
[cdn.shopify.com/s/files/1/0032/3423/4479/articles/How_to_Stay_Fit_While_Traveling_-_header_image296df.jpg]
[beistravel.com/blogs/news/how-to-stay-fit-while-traveling.html]
[cdn.shopify.com/s/files/1/0032/3423/4479/articles/DSC08125_10355.jpg]
[beistravel.com/blogs/news/20-gym-bag-essentials-for-women.html]
[beistravel.com/blogs/news/how-to-choose-a-yoga-mat.html]
[cdn.shopify.com/s/files/1/0032/3423/4479/articles/How_to_Choose_a_Yoga_Mat_-_header_image6084.jpg]
[beistravel.com/blogs/news/how-to-clean-your-yoga-mat.html]
[cdn.shopify.com/s/files/1/0032/3423/4479/articles/How_to_Clean_Your_Yoga_Mat_-_header_imagecc4b.jpg]
[beistravel.com/blogs/news/what-is-a-dopp-kit.html]
[cdn.shopify.com/s/files/1/0032/3423/4479/articles/What_is_a_Dopp_Kit91f8.jpg]
[beistravel.com/blogs/news/travel-anxiety-relaxation-and-calming-tips.html]
[cdn.shopify.com/s/files/1/0032/3423/4479/articles/Travel_Anxiety_Relaxation_and_Calming_Tips6cd3.jpg]
[beistravel.com/blogs/news/how-to-use-packing-cubes.html]
[cdn.shopify.com/s/files/1/0032/3423/4479/articles/packingcubes_769x1153_crop_center_copydc0e.jpg]
[cdn.shopify.com/s/files/1/0032/3423/4479/articles/Types_of_Luggage_featured_imagec5ac.jpg]
[beistravel.com/blogs/news/types-of-luggage.html]
[cdn.shopify.com/s/files/1/0032/3423/4479/articles/FEATURED_IMAGE_1e782d97-6c42-490f-af93-d5ad59e8c5d32414.jpg]
[beistravel.com/blogs/news/6-tips-for-traveling-with-toddlers.html]
[beistravel.com/blogs/news/essentials-for-any-makeup-bag.html]
[cdn.shopify.com/s/files/1/0032/3423/4479/articles/Essentials_For_Any_Makeup_Bag_FT6d86.png]
[beistravel.com/blogs/news/how-to-pack-jewelry.html]
[cdn.shopify.com/s/files/1/0032/3423/4479/articles/How_to_Pack_Jewelry_featured_imagebfd7.jpg]
[beistravel.com/blogs/news/diaper-bag-essentials-checklist.html]
[cdn.shopify.com/s/files/1/0032/3423/4479/articles/FEATURED_IMAGEff4d.jpg]
[beistravel.com/blogs/news9ba9.html]
[beistravel.com/blogs/newsfdb0.html]
[beistravel.com/blogs/news/tagged/luggage.html]
[beistravel.com/blogs/news/tagged/packing-tips.html]
[beistravel.com/blogs/news/tagged/road-trips.html]
[beistravel.com/blogs/news/tagged/staycations.html]
[beistravel.com/blogs/news/tagged/travel-essentials-for-women.html]
[cdn.shopify.com/s/files/1/0032/3423/4479/t/309/assets/blog.scss021e.css]
[beistravel.com/blogs/config.gorgias.1dc.delayed]
[beistravel.com/blogs/GET]
[beistravel.com/blogs/“https_/cdn.attn.tv/beistravel/dtag.js”]
[beistravel.com/blogs/news.html]
[beistravel.com/pages/delete-me.html]
[beistravel.com/config.gorgias.html]
[beistravel.com/GET.html]
[beistravel.com/“https_/cdn.attn.tv/beistravel/dtag.html]
[cdn.shopify.com/s/files/1/0032/3423/4479/t/309/assets/slick.html]
[cdn.shopify.com/s/files/1/0032/3423/4479/t/309/assets/slickd41d.html]
[cdn.shopify.com/s/files/1/0032/3423/4479/t/309/assets/slick-2.html]
[cdn.shopify.com/s/files/1/0032/3423/4479/t/309/assets/slick-3.html]
[cdn.shopify.com/s/files/1/0032/3423/4479/t/309/assets/slick-4.html]
[cdn.shopify.com/s/files/1/0032/3423/4479/t/309/assets/fonts/slick.html]
[cdn.shopify.com/s/files/1/0032/3423/4479/t/309/assets/fonts/slickd41d.html]
[cdn.shopify.com/s/files/1/0032/3423/4479/t/309/assets/fonts/slick-2.html]
[cdn.shopify.com/s/files/1/0032/3423/4479/t/309/assets/fonts/slick-3.html]
[cdn.shopify.com/s/files/1/0032/3423/4479/t/309/assets/fonts/slick-4.html]
[cdn.shopify.com/s/files/1/0032/3423/4479/t/309/assets/icon-chevronfa78.svg]
[cdn.shopify.com/s/files/1/0032/3423/4479/t/309/assets/icon-close-thinb97c.svg]
[cdn.shopify.com/s/files/1/0032/3423/4479/t/309/assets/loader587a.svg]
[cdn.shopify.com/s/files/1/0032/3423/4479/t/309/assets/icon-close.svg]
[cdn.shopify.com/s/files/1/0032/3423/4479/t/309/assets/icon-muted.svg]
[cdn.shopify.com/s/files/1/0032/3423/4479/t/309/assets/icon-unmuted.svg]
[cdn.shopify.com/s/files/1/0032/3423/4479/t/309/assets/icon-arrow-up.svg]
[cdn.shopify.com/s/files/1/0032/3423/4479/t/309/assets/icon-video-thumb.svg]
[cdn.shopify.com/s/files/1/0032/3423/4479/t/309/assets/icon-arrow-up-black.svg]
[cdn.shopify.com/s/files/1/0032/3423/4479/t/309/assets/chevron.svg]
[cdn.shopify.com/s/files/1/0032/3423/4479/t/309/assets/icon-eye-a.svg]
[cdn.shopify.com/s/files/1/0032/3423/4479/t/309/assets/icon-eye-b.svg]
[cdn.shopify.com/s/files/1/0032/3423/4479/t/309/assets/icon-white-check.svg]
[beistravel.com/c.html]
[beistravel.com/b.html]
[beistravel.com/collections/all4658.html]
[beistravel.com/collections/POST.html]
[beistravel.com/collections/_https_/beistravel.com/collections/luggage_.html]
[beistravel.com/collections/_https_/beistravel.com/collections/bags_.html]
[beistravel.com/collections/_https_/beistravel.com/pages/tsa-lock-instructions_.html]
[beistravel.com/collections/_https_/beistravel.com/pages/tsa-lock-instructions__here._/a__br.html]
[beistravel.com/_https_/beistravel.com/pages/tsa-lock-instructions/_/u003ehere/u003c/a/u003e/u003cbr.html]
[beistravel.com/_https_/beistravel.com/collections/luggage/_.html]
[beistravel.com/_https_/beistravel.com/pages/tsa-lock-instructions/_.html]
[beistravel.com/collections/_https_/beistravel.com/pages/baby-collection__here_/a_._/p_.html]
[beistravel.com/collections/_https_/beistravel.com/pages/baby-collection___span.html]
[beistravel.com/collections/_https_/beistravel.com/pages/tsa-lock-instructions__here._/a__br_expandable.html]
[beistravel.com/_https_/beistravel.com/pages/tsa-lock-instructions/_/u003ehere/u003c/a/u003e/u003cbr/u003eexpandable.html]
[beistravel.com/collections/all2679.html]
[beistravel.com/collections/all4658.oembed]
[beistravel.com/collections/allfdb0.html]
[beistravel.com/collections/all9ba9.oembed]
[beistravel.com/collections/all9ba9.html]
[beistravel.com/collections/allaf4d.html]
[beistravel.com/collections/allfdfa.oembed]
[beistravel.com/collections/all235c.html]
[beistravel.com/collections/allfdfa.html]
[beistravel.com/collections/config.gorgias.html]
[beistravel.com/collections/GET.html]
[beistravel.com/collections/“https_/cdn.attn.tv/beistravel/dtag.html]
[beistravel.com/collections/allc575.html]
[beistravel.com/collections/featured-collection2679.html]
[beistravel.com/collections/featured-collection4658.oembed]
[beistravel.com/collections/featured-collection4658.html]
[beistravel.com/collections/featured-collectionfdb0.html]
[beistravel.com/collections/featured-collection9ba9.html]
[beistravel.com/collections/featured-collection9ba9.oembed]
[beistravel.com/collections/featured-collectionaf4d.html]
[beistravel.com/collections/featured-collectionaf4d.oembed]
[beistravel.com/collections/bags2679.html]
[beistravel.com/collections/bags4658.html]
[beistravel.com/collections/bags4658.oembed]
[beistravel.com/collections/bags9ba9.html]
[beistravel.com/collections/bags9ba9.oembed]
[beistravel.com/collections/bagsfdb0.html]
[beistravel.com/collections/bagsfdb0.oembed]
[beistravel.com/collections/diaper-bags.atom]
[beistravel.com/collections/diaper-bags.html]
[beistravel.com/collections/diaper-bags.oembed]
[beistravel.com/collections/makeup-cosmetic-cases.atom]
[beistravel.com/collections/makeup-cosmetic-cases4658.html]
[beistravel.com/collections/makeup-cosmetic-cases.html]
[beistravel.com/collections/makeup-cosmetic-cases.oembed]
[beistravel.com/collections/accessories4658.html]
[beistravel.com/collections/accessories4658.oembed]
[beistravel.com/collections/accessories2679.html]
[beistravel.com/collections/accessories9ba9.html]
[beistravel.com/collections/accessories9ba9.oembed]
[beistravel.com/collections/accessoriesfdb0.html]
[beistravel.com/pages/POST.html]
[stackpath.bootstrapcdn.com/font-awesome/4.7.0/css/font-awesome.min.css]
[beistravel.com/collections/accessoriesfdb0.oembed]
[cdnjs.cloudflare.com/ajax/libs/slick-carousel/1.9.0/ajax-loader.gif]
[cdnjs.cloudflare.com/ajax/libs/slick-carousel/1.9.0/fonts/slick.eot]
[cdnjs.cloudflare.com/ajax/libs/slick-carousel/1.9.0/fonts/slickd41d.eot]
[cdnjs.cloudflare.com/ajax/libs/slick-carousel/1.9.0/fonts/slick.woff]
[cdnjs.cloudflare.com/ajax/libs/slick-carousel/1.9.0/fonts/slick.ttf]
[cdnjs.cloudflare.com/ajax/libs/slick-carousel/1.9.0/fonts/slick.svg]
[cdnjs.cloudflare.com/ajax/libs/slick-carousel/1.9.0/slick-theme.min.css]
[cdnjs.cloudflare.com/ajax/libs/slick-carousel/1.9.0/slick.min.css]
[cdn.shopify.com/s/files/1/0032/3423/4479/t/309/assets/swell-rewardsda4f.eot]
[cdn.shopify.com/s/files/1/0032/3423/4479/t/309/assets/swell-rewardsda4f.ttf]
[cdn.shopify.com/s/files/1/0032/3423/4479/t/309/assets/swell-rewardsda4f.woff]
[cdn.shopify.com/s/files/1/0032/3423/4479/t/309/assets/swell-rewardsda4f.svg]
[cdn.shopify.com/s/files/1/0032/3423/4479/t/309/assets/swell-rewards-tiktoke459.eot]
[cdn.shopify.com/s/files/1/0032/3423/4479/t/309/assets/swell-rewards-tiktoke459.ttf]
[cdn.shopify.com/s/files/1/0032/3423/4479/t/309/assets/swell-rewards-tiktoke459.woff]
[cdn.shopify.com/s/files/1/0032/3423/4479/t/309/assets/swell-rewards-tiktoke459.svg]
[cdn.shopify.com/s/files/1/0032/3423/4479/t/309/assets/swell-HIW-arrow-down.png]
[cdn.shopify.com/s/files/1/0032/3423/4479/t/309/assets/swell-HIW-arrow.png]
[cdn.shopify.com/s/files/1/0032/3423/4479/t/309/assets/swell-rewards.scss4092.css]
[beistravel.com/account/register.html]
[beistravel.com/pages/refer.html]
[beistravel.com/pages/config.gorgias.html]
[beistravel.com/pages/GET.html]
[beistravel.com/pages/“https_/cdn.attn.tv/beistravel/dtag.html]
[beistravel.com/account/login.html]
[beistravel.com/account/POST.html]
[beistravel.com/account/config.gorgias.html]
[beistravel.com/account/GET.html]
[beistravel.com/account/“https_/cdn.attn.tv/beistravel/dtag.html]
[cdn.shopify.com/s/global/search.css]
[beistravel.com/collections/best-sellers2679.html]
[beistravel.com/collections/best-sellers4658.oembed]
[beistravel.com/collections/best-sellers4658.html]
[beistravel.com/_https_/beistravel.com/collections/bags/_.html]
[beistravel.com/collections/best-sellersfdb0.html]
[beistravel.com/collections/best-sellers9ba9.oembed]
[beistravel.com/collections/best-sellers9ba9.html]
[beistravel.com/collections/best-sellersaf4d.html]
[beistravel.com/collections/best-sellersce37.html]
[beistravel.com/collections/best-sellers8c93.oembed]
[beistravel.com/collections/best-sellers8c93.html]
[cdn.shopify.com/s/files/1/0032/3423/4479/t/309/assets/fostr1d32.css]
[cdn.shopify.com/s/files/1/0032/3423/4479/t/309/assets/fostr-fall.scss15b4.css]
[unpkg.com/simplebar@5.3.4/dist/simplebar.css]
[cdn.shopify.com/s/files/1/0032/3423/4479/t/309/assets/ChicagoFLF17f2.woff]
[beistravel.com/collections/best-sellers1c8b.html]
[beistravel.com/collections/tote-bags4658.html]
[beistravel.com/pages/tsa-lock-instructions.html]
[beistravel.com/collections/tote-bags2679.html]
[beistravel.com/collections/tote-bags4658.oembed]
[beistravel.com/collections/cosmetic-bags2679.html]
[beistravel.com/collections/cosmetic-bags4658.html]
[beistravel.com/collections/cosmetic-bags4658.oembed]
[beistravel.com/collections/large-bags2679.html]
[beistravel.com/collections/large-bags4658.html]
[beistravel.com/pages/returns.html]
[beistravel.com/pages/gift-card-terms-and-conditions.html]
[beistravel.com/pages/check-gift-card-balance.html]
[beistravel.com/pages/rewards-terms-and-conditions.html]
[beistravel.com/pages/lifetime-luggage-warranty.html]
[cdnjs.cloudflare.com/ajax/libs/lity/2.3.1/lity.min.css]
[cdn.shopify.com/s/files/1/0032/3423/4479/t/309/assets/stores-map75f7.css]
[beistravel.com/collections/large-bags4658.oembed]
[beistravel.com/blogs/news2679.html]
[cdn.shopify.com/s/files/1/0032/3423/4479/articles/How_to_Clean_a_SuitcaseFT4dfa.jpg]
[beistravel.com/blogs/news/how-to-clean-a-suitcase.html]
[cdn.shopify.com/s/files/1/0032/3423/4479/articles/Hard_vs_Soft_LuggageFT0786.jpg]
[beistravel.com/blogs/news/hard-vs-soft-luggage.html]
[cdn.shopify.com/s/files/1/0032/3423/4479/articles/featuredimage_ccbe6892-35c9-4016-bda7-e4b68fa57d5187e8.jpg]
[beistravel.com/blogs/news/how-to-organize-a-diaper-bag.html]
[cdn.shopify.com/s/files/1/0032/3423/4479/articles/featuredimage5951.jpg]
[beistravel.com/blogs/news/4-tips-for-breast-pumping-on-the-go.html]
[beistravel.com/blogs/news/best-beis-gifts-of-2020.html]
[cdn.shopify.com/s/files/1/0032/3423/4479/articles/Best_Beis_Gifts_of_2020FTbb55.jpg]
[cdn.shopify.com/s/files/1/0032/3423/4479/articles/carryon_featured_image6c9c.jpg]
[beistravel.com/blogs/news/best-bachelorette-party-destinations-for-every-bride.html]
[cdn.shopify.com/s/files/1/0032/3423/4479/articles/Best_Bachelorette_Featured_Imaged31f.png]
[cdn.shopify.com/s/files/1/0032/3423/4479/articles/shutterstock_1785269021_1ddd0.jpg]
[beistravel.com/blogs/news/10-reasons-why-traveling-is-important-for-everyone.html]
[cdn.shopify.com/s/files/1/0032/3423/4479/articles/filename_265da1.jpg]
[beistravel.com/blogs/news/11-baby-travel-essentials-every-parent-needs.html]
[cdn.shopify.com/s/files/1/0032/3423/4479/articles/filename_22a645.jpg]
[beistravel.com/blogs/news/11-stylish-work-from-home-essentials-to-stay-organized.html]
[cdn.shopify.com/s/files/1/0032/3423/4479/articles/filenamec00a.jpg]
[beistravel.com/blogs/news/10-dreamy-girls-trip-ideas-across-america.html]
[cdn.shopify.com/s/files/1/0032/3423/4479/articles/featured_image_6a981.png]
[beistravel.com/blogs/news4658.html]
[beistravel.com/blogs/POST.html]
[beistravel.com/blogs/news/POST.26d.delayed]
[cdn.shopify.com/s/files/1/0032/3423/4479/t/39/assets/1a0556112b30--filename-246470.jpg]
[cdn.shopify.com/s/files/1/0032/3423/4479/files/36c40.png]
[cdn.shopify.com/s/files/1/0032/3423/4479/files/Hacks_1_480x4801fed.jpg]
[cdn.shopify.com/s/files/1/0032/3423/4479/files/Hacks_2_480x48082ad.jpg]
[beistravel.com/blogs/news/www.tripsavvy.com/best-travel-toiletry-bottles-4772308.274.delayed]
[beistravel.com/blogs/news/www.tsa.gov/travel/frequently-asked-questions/what-3-1-1-liquids-rule]
[beistravel.com/blogs/news/config.gorgias.chat]
[beistravel.com/blogs/news/GET]
[beistravel.com/blogs/news/“https_/cdn.attn.tv/beistravel/dtag.js”]
[beistravel.com/blogs/news/hacks-for-how-to-pack-toiletries-and-makeup.html]
[cdn.shopify.com/s/files/1/0032/3423/4479/t/39/assets/264d2e030373--filename-1869f1.jpg]
[cdn.shopify.com/s/files/1/0032/3423/4479/files/Cosmetics_large7b0c.png]
[cdn.shopify.com/s/files/1/0032/3423/4479/files/28310.png]
[beistravel.com/blogs/news/15-stylish-travel-essentials-for-women.html]
[beistravel.com/blogs/news/the-10-best-travel-apps-for-your-next-trip.html]
[beistravel.com/blogs/news/genius-packing-tips-you-wish-you-knew-earlier.html]
[cdn.shopify.com/s/files/1/0032/3423/4479/articles/carryon_featured_image_500x2506c9c.jpg]
[cdn.shopify.com/s/files/1/0032/3423/4479/files/11cca.png]
[cdn.shopify.com/s/files/1/0032/3423/4479/files/body_image_1004b.jpg]
[cdn.shopify.com/s/files/1/0032/3423/4479/files/body_image_2c334.jpg]
[beistravel.com/blogs/news/ultimate-guide-for-what-to-pack-in-a-carry-on.html]
[beistravel.com/blogs/news/tagged/baby-tips.atom]
[beistravel.com/blogs/news/tagged/POST]
[beistravel.com/blogs/news/how-to-work-from-home-with-kids-and-stay-organized.html]
[cdn.shopify.com/s/files/1/0032/3423/4479/articles/shutterstock_776285218_1219c.jpg]
[cdn.shopify.com/s/files/1/0032/3423/4479/articles/squareonedc57.jpg]
[beistravel.com/blogs/news/how-to-keep-kids-busy-and-stay-sane-at-home.html]
[beistravel.com/blogs/news/tagged/config.gorgias.chat]
[beistravel.com/blogs/news/tagged/GET]
[beistravel.com/blogs/news/tagged/“https_/cdn.attn.tv/beistravel/dtag.js”]
[beistravel.com/blogs/news/tagged/baby-tips.html]
[beistravel.com/blogs/news/tagged/date-nights.atom]
[beistravel.com/blogs/news/the-ultimate-guide-for-at-home-date-night-ideas.html]
[cdn.shopify.com/s/files/1/0032/3423/4479/articles/Featured_Image_Ultimate_Guide1a5f.png]
[beistravel.com/blogs/news/tagged/date-nights.html]
[beistravel.com/blogs/news/tagged/girls-trips.atom]
[beistravel.com/blogs/news/tagged/girls-trips.html]
[beistravel.com/blogs/news/tagged/importance-of-travel.atom]
[beistravel.com/blogs/news/travel-baggage-experiences-of-a-black-woman-traveling.html]
[cdn.shopify.com/s/files/1/0032/3423/4479/articles/sanfrancisco_398b9.png]
[beistravel.com/blogs/news/the-importance-of-understanding-different-cultures.html]
[cdn.shopify.com/s/files/1/0032/3423/4479/articles/shutterstock_1643111350056f.png]
[beistravel.com/blogs/news/tagged/importance-of-travel.html]
[cdn.shopify.com/s/files/1/0032/3423/4479/articles/How_to_Stay_Fit_While_Traveling_-_header_image2_500x25096df.jpg]
[cdn.shopify.com/s/files/1/0032/3423/4479/files/BEIS_CTA3_35970fb1-a69b-4d10-975b-f74229fee3badc4c.png]
[cdn.shopify.com/s/files/1/0032/3423/4479/files/How_to_Stay_Fit_While_Traveling_-_Photo_1efef.jpg]
[cdn.shopify.com/s/files/1/0032/3423/4479/files/How_to_Stay_Fit_While_Traveling_-_Photo_207e0.jpg]
[beistravel.com/blogs/news/how-to-stay-fit-while-traveling.html]
[cdn.shopify.com/s/files/1/0032/3423/4479/articles/DSC08125_1_500x2500355.jpg]
[cdn.shopify.com/s/files/1/0032/3423/4479/files/20_Gym_Bag_Essentials_for_Women_-_Photo_193fe.jpg]
[cdn.shopify.com/s/files/1/0032/3423/4479/files/20_Gym_Bag_Essentials_for_Women_-_Photo_28fed.jpg]
[beistravel.com/blogs/news/20-gym-bag-essentials-for-women.html]
[cdn.shopify.com/s/files/1/0032/3423/4479/articles/How_to_Choose_a_Yoga_Mat_-_header_image_500x2506084.jpg]
[cdn.shopify.com/s/files/1/0032/3423/4479/files/How_to_Choose_a_Yoga_Mat_-_Photo_1ed31.jpg]
[cdn.shopify.com/s/files/1/0032/3423/4479/files/How_to_Choose_a_Yoga_Mat_-_Photo_203f9.jpg]
[beistravel.com/blogs/news/www.sciencedirect.com/topics/materials-science/thermoplastic-elastomer.2b0.delayed]
[beistravel.com/blogs/news/www.health.harvard.edu/blog/new-survey-reveals-the-rapid-rise-of-yoga-and-why-some-people-still-havent-tried-it-201603079179]
[beistravel.com/blogs/news/how-to-choose-a-yoga-mat.html]
[cdn.shopify.com/s/files/1/0032/3423/4479/t/39/assets/2145ba437c9b--BEIS-HERO-IMAGE-2e8ac.jpg]
[cdn.shopify.com/s/files/1/0032/3423/4479/files/How_to_Clean_Your_Yoga_Mat_-_Photo_1fe50.jpg]
[cdn.shopify.com/s/files/1/0032/3423/4479/files/How_to_Clean_Your_Yoga_Mat_-_Photo_2c2ea.jpg]
[beistravel.com/blogs/news/how-to-clean-your-yoga-mat.html]
[cdn.shopify.com/s/files/1/0032/3423/4479/articles/What_is_a_Dopp_Kit_500x25091f8.jpg]
[cdn.shopify.com/s/files/1/0032/3423/4479/files/Dopp_kit_233f9.jpg]
[cdn.shopify.com/s/files/1/0032/3423/4479/files/2_0a993aa4-416e-463b-a4e6-f9bd6a7daf062ba0.png]
[cdn.shopify.com/s/files/1/0032/3423/4479/files/Luggageff19.jpg]
[beistravel.com/blogs/news/what-is-a-dopp-kit.html]
[cdn.shopify.com/s/files/1/0032/3423/4479/articles/Travel_Anxiety_Relaxation_and_Calming_Tips_500x2506cd3.jpg]
[cdn.shopify.com/s/files/1/0032/3423/4479/files/Pack_like_a_proda2f.jpg]
[cdn.shopify.com/s/files/1/0032/3423/4479/files/Treat_yourself155f.jpg]
[beistravel.com/blogs/news/travel-anxiety-relaxation-and-calming-tips.html]
[beistravel.com/index00c7.html]
[cdn.shopify.com/s/files/1/0032/3423/4479/articles/packingcubes_769x1153_crop_center_copy_500x250dc0e.jpg]
[cdn.shopify.com/s/files/1/0032/3423/4479/files/3_ef142f9f-4516-49eb-aaf2-da7369103eb8092b.png]
[cdn.shopify.com/s/files/1/0032/3423/4479/files/packing_cubes_0002_Layer_3_769x1153_crop_center_b86cb757-3c94-46c1-9d16-0098663f7219_480x4808db6.jpg]
[beistravel.com/blogs/news/how-to-use-packing-cubes.html]
[cdn.shopify.com/s/files/1/0032/3423/4479/articles/Types_of_Luggage_featured_image_500x250c5ac.jpg]
[cdn.shopify.com/s/files/1/0032/3423/4479/files/55748.png]
[cdn.shopify.com/s/files/1/0032/3423/4479/files/Types_of_Luggage_copy_img13fd4.jpg]
[beistravel.com/blogs/news/types-of-luggage.html]
[cdn.shopify.com/s/files/1/0032/3423/4479/articles/FEATURED_IMAGE_1e782d97-6c42-490f-af93-d5ad59e8c5d3_500x2502414.jpg]
[cdn.shopify.com/s/files/1/0032/3423/4479/files/BEIS_CTA3338a.png]
[cdn.shopify.com/s/files/1/0032/3423/4479/files/DSC09416c096.jpg]
[cdn.shopify.com/s/files/1/0032/3423/4479/files/COPY_IMAGE_2_d2aef38f-a1cc-4ff2-9629-7c818980c6776f48.jpg]
[beistravel.com/blogs/news/6-tips-for-traveling-with-toddlers.html]
[beistravel.com/blogs/news/_a href=_http_/www.emilymkrause.com/blog/2018/3/24/road-trip-activities-for-toddlers-and-preschool/_/span__/a_travelmamas.com/tips-for-flying-with-baby-toddler/index.html]
[cdn.shopify.com/s/files/1/0032/3423/4479/articles/Essentials_For_Any_Makeup_Bag_FT_500x2506d86.png]
[cdn.shopify.com/s/files/1/0032/3423/4479/files/43d9c.png]
[cdn.shopify.com/s/files/1/0032/3423/4479/files/Essentials_For_Any_Makeup_Bag_copy14aeb.jpg]
[cdn.shopify.com/s/files/1/0032/3423/4479/files/Essentials_For_Any_Makeup_Bag_copy22ca8.jpg]
[beistravel.com/blogs/news/www.businessinsider.com/beauty-and-makeup-youtube-channels-with-most-subscribers-2019-7.2d8.delayed]
[beistravel.com/blogs/news/essentials-for-any-makeup-bag.html]
[beistravel.com/blogs/news/www.goodhousekeeping.com/institute/a21898/beauty-blender-review/index.html]
[cdn.shopify.com/s/files/1/0032/3423/4479/articles/How_to_Pack_Jewelry_featured_image_500x250bfd7.jpg]
[cdn.shopify.com/s/files/1/0032/3423/4479/files/How_to_Pack_Jewelry_featured_image_copy_image_17682.jpg]
[cdn.shopify.com/s/files/1/0032/3423/4479/files/How_to_Pack_Jewelry_featured_image_copy_image_2ec1c.jpg]
[beistravel.com/blogs/news/ https_/beistravel.com/blogs/news/essentials-for-any-makeup-bag.2de.delayed]
[beistravel.com/blogs/news/www.valuepenguin.com/does-homeowners-insurance-cover-jewelry]
[beistravel.com/blogs/news/www.today.com/style/how-untangle-necklace-without-losing-your-mind-t116187]
[beistravel.com/blogs/news/how-to-pack-jewelry.html]
[cdn.shopify.com/s/files/1/0032/3423/4479/articles/FEATURED_IMAGE_500x250ff4d.jpg]
[cdn.shopify.com/s/files/1/0032/3423/4479/files/COPY_IMAGE_11f4e.jpg]
[cdn.shopify.com/s/files/1/0032/3423/4479/files/COPY_IMAGE_24cb7.jpg]
[beistravel.com/blogs/news/diaper-bag-essentials-checklist.html]
[beistravel.com/blogs/news/vacation-ideas-tips-for-traveling-with-toddlers.html]
[cdn.shopify.com/s/files/1/0032/3423/4479/articles/traveling_with_toddlers1a95.png]
[beistravel.com/blogs/news/10-best-family-vacations-on-a-budget.html]
[cdn.shopify.com/s/files/1/0032/3423/4479/articles/Untitled_design_34028.png]
[beistravel.com/blogs/news/5-amazing-road-trip-ideas-across-america.html]
[cdn.shopify.com/s/files/1/0032/3423/4479/articles/road_trip717c.png]
[beistravel.com/blogs/news9ba9.html]
[beistravel.com/blogs/newsfdb0.html]
[beistravel.com/blogs/news/tagged/luggage.html]
[beistravel.com/blogs/news/tagged/luggage.atom]
[cdn.shopify.com/s/files/1/0032/3423/4479/articles/Genius_Packing_TipsFTc196.png]
[beistravel.com/blogs/news/tagged/packing-tips.html]
[beistravel.com/blogs/news/tagged/road-trips.atom]
[beistravel.com/blogs/news/tagged/packing-tips.atom]
[beistravel.com/blogs/news/tagged/road-trips.html]
[cdn.shopify.com/s/files/1/0032/3423/4479/articles/road_trip_essentialsb7e9.jpg]
[beistravel.com/blogs/news/14-road-trip-essentials-every-traveler-needs.html]
[beistravel.com/blogs/news/tagged/staycations.atom]
[cdn.shopify.com/s/files/1/0032/3423/4479/articles/Featured_Image_Staycation125f.png]
[beistravel.com/blogs/news/10-epic-staycation-ideas.html]
[beistravel.com/blogs/news/tagged/staycations.html]
[beistravel.com/blogs/news/tagged/travel-essentials-for-women.atom]
[cdn.shopify.com/s/files/1/0032/3423/4479/articles/15_Stylish_Travel_Essentials_for_Womenc66d.jpg]
[beistravel.com/blogs/news/tagged/travel-essentials-for-women.html]
[cdn.shopify.com/s/files/1/0032/3423/4479/files/arrow512c.png]
[cdn.shopify.com/s/files/1/0032/3423/4479/t/309/assets/blog.scss021e.css]
[beistravel.com/blogs/config.gorgias.html]
[beistravel.com/blogs/GET.html]
[beistravel.com/blogs/“https_/cdn.attn.tv/beistravel/dtag.html]
[beistravel.com/collections/all2679.html]
[beistravel.com/collections/allfdb0.html]
[beistravel.com/collections/allfdb0.oembed]
[beistravel.com/collections/allaf4d.html]
[beistravel.com/collections/all235c.html]
[beistravel.com/collections/allaf4d.oembed]
[beistravel.com/collections/allc575.html]
[beistravel.com/collections/featured-collection2679.html]
[beistravel.com/collections/all235c.oembed]
[beistravel.com/collections/featured-collectionfdb0.html]
[beistravel.com/collections/bags2679.html]
[beistravel.com/collections/featured-collectionfdb0.oembed]
[beistravel.com/collections/allc575.oembed]
[beistravel.com/collections/makeup-cosmetic-cases4658.html]
[beistravel.com/collections/accessories2679.html]
[beistravel.com/collections/makeup-cosmetic-cases4658.oembed]
[cdnjs.cloudflare.com/ajax/libs/slick-carousel/1.9.0/fonts/slick.svg]
[cdn.shopify.com/s/files/1/0032/3423/4479/t/309/assets/swell-rewardsda4f.svg]
[cdn.shopify.com/s/files/1/0032/3423/4479/t/309/assets/swell-rewards-tiktoke459.svg]
[beistravel.com/collections/makeup-cosmetic-cases2679.html]
[beistravel.com/collections/best-sellers2679.html]
[beistravel.com/collections/best-sellersfdb0.oembed]
[beistravel.com/collections/best-sellersfdb0.html]
[beistravel.com/collections/best-sellersc575.html]
[beistravel.com/collections/best-sellersaf4d.oembed]
[beistravel.com/collections/best-sellersaf4d.html]
[beistravel.com/collections/best-sellers235c.html]
[beistravel.com/collections/best-sellersce37.oembed]
[beistravel.com/collections/best-sellersce37.html]
[beistravel.com/collections/best-sellers1448.html]
[beistravel.com/collections/best-sellers1c8b.oembed]
[beistravel.com/collections/best-sellers1c8b.html]
[beistravel.com/collections/tote-bags2679.html]
[beistravel.com/collections/cosmetic-bags2679.html]
[beistravel.com/collections/large-bags2679.html]
[beistravel.com/blogs/news2679.html]
[cdn.shopify.com/s/files/1/0032/3423/4479/articles/How_to_Clean_a_SuitcaseFT_500x2504dfa.jpg]
[cdn.shopify.com/s/files/1/0032/3423/4479/files/Unpack_Your_Suitcase_07b3482d-c866-4727-b239-e31ed3992673facb.jpg]
[beistravel.com/collections/best-sellers0b08.html]
[beistravel.com/blogs/news/ https_/beistravel.com/blogs/news/hard-vs-soft-luggage]
[cdn.shopify.com/s/files/1/0032/3423/4479/files/Cleaning_the_Bits_and_Bobs3186.jpg]
[beistravel.com/blogs/news/how-to-clean-a-suitcase.html]
[cdn.shopify.com/s/files/1/0032/3423/4479/articles/Hard_vs_Soft_LuggageFT_500x2500786.jpg]
[cdn.shopify.com/s/files/1/0032/3423/4479/files/Accessibility0c32.jpg]
[cdn.shopify.com/s/files/1/0032/3423/4479/files/Cost0bd0.jpg]
[beistravel.com/blogs/news/hard-vs-soft-luggage.html]
[cdn.shopify.com/s/files/1/0032/3423/4479/articles/featuredimage_ccbe6892-35c9-4016-bda7-e4b68fa57d51_500x25087e8.jpg]
[beistravel.com/collections/diaper-bags .html]
[cdn.shopify.com/s/files/1/0032/3423/4479/files/copyimage1_872224a0-9f4f-4728-9b09-437d22e29db59fc1.jpg]
[cdn.shopify.com/s/files/1/0032/3423/4479/files/copyimage2_8a89b113-f639-4fe3-bdb6-f2d2a2f6fa860278.jpg]
[cdn.shopify.com/s/files/1/0032/3423/4479/files/4_5f4466bb-02df-479c-8b30-6beb9ac1b868c795.png]
[beistravel.com/blogs/news/how-to-organize-a-diaper-bag.html]
[cdn.shopify.com/s/files/1/0032/3423/4479/articles/featuredimage_500x2505951.jpg]
[cdn.shopify.com/s/files/1/0032/3423/4479/files/copyimage19d5d.jpg]
[cdn.shopify.com/s/files/1/0032/3423/4479/files/copyimage24e2b.jpg]
[beistravel.com/blogs/news/4-tips-for-breast-pumping-on-the-go.html]
[cdn.shopify.com/s/files/1/0032/3423/4479/articles/Best_Beis_Gifts_of_2020FT_500x250bb55.jpg]
[beistravel.com/pages/holiday.html]
[beistravel.com/pages/black-friday.html]
[cdn.shopify.com/s/files/1/0032/3423/4479/files/For_the_jet_setterd778.jpg]
[cdn.shopify.com/s/files/1/0032/3423/4479/files/For_the_boss_business_girlb934.jpg]
[cdn.shopify.com/s/files/1/0032/3423/4479/files/For_the_busy_mammacd3a.jpg]
[beistravel.com/blogs/news/best-beis-gifts-of-2020.html]
[cdn.shopify.com/s/files/1/0032/3423/4479/articles/Best_Bachelorette_Featured_Image_500x250d31f.png]
[cdn.shopify.com/s/files/1/0032/3423/4479/files/Cabo_Mexico699d.jpg]
[cdn.shopify.com/s/files/1/0032/3423/4479/files/Lake_Tahoe_California49d3.jpg]
[cdn.shopify.com/s/files/1/0032/3423/4479/files/Tulum_Mexicoa06c.jpg]
[cdn.shopify.com/s/files/1/0032/3423/4479/files/Las_Vegas_Nevada0dbf.jpg]
[cdn.shopify.com/s/files/1/0032/3423/4479/files/Napa_Valley_California4194.jpg]
[cdn.shopify.com/s/files/1/0032/3423/4479/files/Blog_Body_Image_11e9d.jpg]
[beistravel.com/blogs/news/best-bachelorette-party-destinations-for-every-bride.html]
[cdn.shopify.com/s/files/1/0032/3423/4479/articles/shutterstock_1785269021_1_500x250ddd0.jpg]
[cdn.shopify.com/s/files/1/0032/3423/4479/files/1-change_of_scenery_480x4802866.jpg]
[cdn.shopify.com/s/files/1/0032/3423/4479/files/2-memories_480x480dd0d.jpg]
[beistravel.com/blogs/news/10-reasons-why-traveling-is-important-for-everyone.html]
[cdn.shopify.com/s/files/1/0032/3423/4479/t/39/assets/53526da58789--filename-23974c.jpg]
[cdn.shopify.com/s/files/1/0032/3423/4479/files/reg_diaper_480x480d07e.jpg]
[cdn.shopify.com/s/files/1/0032/3423/4479/files/backpack_480x480cdfc.jpg]
[cdn.shopify.com/s/files/1/0032/3423/4479/files/portable_480x4804c30.jpg]
[cdn.shopify.com/s/files/1/0032/3423/4479/files/4_2dd4ee97-85c6-4cdd-b62f-27786366529c1735.png]
[cdn.shopify.com/s/files/1/0032/3423/4479/files/stroller_cad_480x480d001.jpg]
[cdn.shopify.com/s/files/1/0032/3423/4479/files/bottle_cool_480x480869c.jpg]
[cdn.shopify.com/s/files/1/0032/3423/4479/files/breastpump_480x480b336.jpg]
[beistravel.com/blogs/news/www.parenting.com/travel/travel-mamas-packing-list-for-babies-and-toddlers.372.delayed]
[beistravel.com/blogs/news/11-baby-travel-essentials-every-parent-needs.html]
[cdn.shopify.com/s/files/1/0032/3423/4479/t/39/assets/d1bd67a29b7d--filenamee53b.png]
[cdn.shopify.com/s/files/1/0032/3423/4479/files/DSC00942_480x480f0b5.jpg]
[cdn.shopify.com/s/files/1/0032/3423/4479/files/bestbuy_480x480cc8c.jpg]
[cdn.shopify.com/s/files/1/0032/3423/4479/files/office_chair_240x240015c.jpg]
[cdn.shopify.com/s/files/1/0032/3423/4479/files/organizer_240x240015c.jpg]
[cdn.shopify.com/s/files/1/0032/3423/4479/files/DSC01828_480x4806c31.jpg]
[cdn.shopify.com/s/files/1/0032/3423/4479/files/DSC02810_480x4803d49.jpg]
[cdn.shopify.com/s/files/1/0032/3423/4479/files/charger_240x2408422.jpg]
[cdn.shopify.com/s/files/1/0032/3423/4479/files/basket_480x480e027.jpg]
[cdn.shopify.com/s/files/1/0032/3423/4479/files/Screen_Shot_2020-09-22_at_2.01.17_AM_240x240a7e6.png]
[cdn.shopify.com/s/files/1/0032/3423/4479/files/pencil_240x240015c.jpg]
[cdn.shopify.com/s/files/1/0032/3423/4479/files/31gXNA246EL_240x2405208.jpg]
[cdn.shopify.com/s/files/1/0032/3423/4479/files/cq5dam.web.1000.1000_240x240e027.png]
[beistravel.com/blogs/news/11-stylish-work-from-home-essentials-to-stay-organized.html]
[cdn.shopify.com/s/files/1/0032/3423/4479/t/39/assets/dbbe2f045cd2--filename-3668a.jpg]
[cdn.shopify.com/s/files/1/0032/3423/4479/files/shutterstock_244712833_480x480ef32.jpg]
[cdn.shopify.com/s/files/1/0032/3423/4479/files/shutterstock_502726537_480x4808f4e.jpg]
[cdn.shopify.com/s/files/1/0032/3423/4479/files/shutterstock_153029399_480x48072c7.jpg]
[cdn.shopify.com/s/files/1/0032/3423/4479/files/2_ac80841b-d92f-43af-beed-4e16a4d1d267be3c.png]
[cdn.shopify.com/s/files/1/0032/3423/4479/files/shutterstock_769311505_480x48072c7.jpg]
[cdn.shopify.com/s/files/1/0032/3423/4479/files/shutterstock_474991357_480x480e5f6.jpg]
[cdn.shopify.com/s/files/1/0032/3423/4479/files/shutterstock_656309851_480x48052af.jpg]
[cdn.shopify.com/s/files/1/0032/3423/4479/files/shutterstock_1054046408_480x480a5cc.jpg]
[cdn.shopify.com/s/files/1/0032/3423/4479/files/shutterstock_1366721726_480x480d791.jpg]
[cdn.shopify.com/s/files/1/0032/3423/4479/files/shutterstock_567158326_480x480e6aa.jpg]
[cdn.shopify.com/s/files/1/0032/3423/4479/files/shutterstock_609835217_480x480e6aa.jpg]
[cdn.shopify.com/s/files/1/0032/3423/4479/files/beis_photo_480x4802261.png]
[beistravel.com/blogs/news/10-dreamy-girls-trip-ideas-across-america.html]
[beistravel.com/blogs/news/POST.html]
[beistravel.com/blogs/news/www.tripsavvy.com/best-travel-toiletry-bottles-4772308.html]
[beistravel.com/blogs/news/www.tsa.gov/travel/frequently-asked-questions/what-3-1-1-liquids-rule.html]
[beistravel.com/blogs/news/config.gorgias.html]
[beistravel.com/blogs/news/GET.html]
[beistravel.com/blogs/news/“https_/cdn.attn.tv/beistravel/dtag.html]
[cdn.shopify.com/s/files/1/0032/3423/4479/t/39/assets/b18663332e02--filename-195043.jpg]
[cdn.shopify.com/s/files/1/0032/3423/4479/files/Hard_shell_suitcase_large0983.png]
[cdn.shopify.com/s/files/1/0032/3423/4479/files/Cosmetic_Case_large3bda.png]
[cdn.shopify.com/s/files/1/0032/3423/4479/files/Jewelry_Case_largee75e.jpg]
[cdn.shopify.com/s/files/1/0032/3423/4479/files/Sunglasses_large1c06.png]
[beistravel.com/blogs/news/15-stylish-travel-essentials-for-women.html]
[cdn.shopify.com/s/files/1/0032/3423/4479/t/39/assets/829fb1214b59--filename-167dba.jpg]
[cdn.shopify.com/s/files/1/0032/3423/4479/files/hopper_resize_medium318f.png]
[cdn.shopify.com/s/files/1/0032/3423/4479/files/roadtrippers_resize_mediumd786.png]
[cdn.shopify.com/s/files/1/0032/3423/4479/files/airbnb_resize_medium9d98.png]
[cdn.shopify.com/s/files/1/0032/3423/4479/files/skyscanner_esize_medium8a51.png]
[cdn.shopify.com/s/files/1/0032/3423/4479/files/tripit_resize_medium20dd.png]
[cdn.shopify.com/s/files/1/0032/3423/4479/files/maps.me_resize_mediumae6f.png]
[cdn.shopify.com/s/files/1/0032/3423/4479/files/eat_with_resize_medium8a1a.png]
[cdn.shopify.com/s/files/1/0032/3423/4479/files/loungbuddy_resize_large67a3.jpg]
[cdn.shopify.com/s/files/1/0032/3423/4479/files/gasbuddy_large4735.jpg]
[cdn.shopify.com/s/files/1/0032/3423/4479/files/googletranslate_resize_mediumec1c.png]
[beistravel.com/blogs/news/the-20-best-travel-gifts-for-travel-lovers.html]
[beistravel.com/blogs/news/the-10-best-travel-apps-for-your-next-trip.html]
[beistravel.com/blogs/news/tagged/POST.html]
[cdn.shopify.com/s/files/1/0032/3423/4479/t/39/assets/78f7967988fa--filename-21ba68.jpg]
[cdn.shopify.com/s/files/1/0032/3423/4479/files/mom_meme_large56c1.jpg]
[cdn.shopify.com/s/files/1/0032/3423/4479/files/7W9A7183_large5399.jpg]
[cdn.shopify.com/s/files/1/0032/3423/4479/files/WorkTote_large4b04.jpg]
[beistravel.com/blogs/news/how-to-work-from-home-with-kids-and-stay-organized.html]
[cdn.shopify.com/s/files/1/0032/3423/4479/t/39/assets/8fca5484d302--shutterstock-1251822831636.jpg]
[cdn.shopify.com/s/files/1/0032/3423/4479/files/Walk_around_the_block_1_largeea2a.png]
[cdn.shopify.com/s/files/1/0032/3423/4479/files/7W9A6731_large951a.jpg]
[beistravel.com/blogs/news/how-to-keep-kids-busy-and-stay-sane-at-home.html]
[beistravel.com/blogs/news/tagged/config.gorgias.html]
[beistravel.com/blogs/news/tagged/GET.html]
[beistravel.com/blogs/news/tagged/“https_/cdn.attn.tv/beistravel/dtag.html]
[cdn.shopify.com/s/files/1/0032/3423/4479/t/39/assets/cc9b0d436bc7--filename-37849.png]
[cdn.shopify.com/s/files/1/0032/3423/4479/files/Ultimate_Guide_Photo_1_largee806.png]
[cdn.shopify.com/s/files/1/0032/3423/4479/files/504-BeisSpring2020-1832_1_large5e11.jpg]
[cdn.shopify.com/s/files/1/0032/3423/4479/files/452-BeisSpring2020-0734_large1a92.jpg]
[beistravel.com/blogs/news/the-ultimate-guide-for-at-home-date-night-ideas.html]
[cdn.shopify.com/s/files/1/0032/3423/4479/t/39/assets/09bb67b68347--filename-125ad2.jpg]
[beistravel.com/blogs/news/mayaesthetic.3ba.delayed]
[cdn.shopify.com/s/files/1/0032/3423/4479/files/sanfrancisco_1_large5836.jpg]
[cdn.shopify.com/s/files/1/0032/3423/4479/files/disneyland_largee9ff.jpg]
[cdn.shopify.com/s/files/1/0032/3423/4479/files/cutesie_largea558.jpg]
[beistravel.com/blogs/news/travel-baggage-experiences-of-a-black-woman-traveling.html]
[cdn.shopify.com/s/files/1/0032/3423/4479/t/39/assets/ba691c25fbba--filename-141de0.jpg]
[beistravel.com/blogs/news/the-importance-of-understanding-different-cultures.html]
[beistravel.com/blogs/news/www.sciencedirect.com/topics/materials-science/thermoplastic-elastomer.html]
[beistravel.com/blogs/news/www.health.harvard.edu/blog/new-survey-reveals-the-rapid-rise-of-yoga-and-why-some-people-still-havent-tried-it-201603079179.html]
[beistravel.com/index00c7.html]
[beistravel.com/blogs/news/_a href=_http_/www.emilymkrause.com/blog/2018/3/24/road-trip-activities-for-toddlers-and-preschool/_/span__/a_travelmamas.com/tips-for-flying-with-baby-toddler/index.html]
[beistravel.com/blogs/news/www.businessinsider.com/beauty-and-makeup-youtube-channels-with-most-subscribers-2019-7.html]
[beistravel.com/blogs/news/www.goodhousekeeping.com/institute/a21898/beauty-blender-review/index.html]
[beistravel.com/blogs/news/ https_/beistravel.com/blogs/news/essentials-for-any-makeup-bag.html]
[beistravel.com/blogs/news/www.valuepenguin.com/does-homeowners-insurance-cover-jewelry.html]
[beistravel.com/blogs/news/www.today.com/style/how-untangle-necklace-without-losing-your-mind-t116187.html]
[cdn.shopify.com/s/files/1/0032/3423/4479/t/39/assets/39d17cd7999f--filename-5c0f3.jpg]
[cdn.shopify.com/s/files/1/0032/3423/4479/files/packing_with_family_largef651.png]
[cdn.shopify.com/s/files/1/0032/3423/4479/files/Screen_Shot_2020-08-23_at_11.10.42_PM_largefd79.png]
[beistravel.com/blogs/news/vacation-ideas-tips-for-traveling-with-toddlers.html]
[cdn.shopify.com/s/files/1/0032/3423/4479/t/39/assets/0f47e1692449--filename-4805c.jpg]
[cdn.shopify.com/s/files/1/0032/3423/4479/files/shutterstock_1176204118_2ab088a4-1cdb-44b8-92d3-7baffb58929b_largef3b8.jpg]
[cdn.shopify.com/s/files/1/0032/3423/4479/files/shutterstock_126126524_29ddb22f-c60f-44fe-b542-842ca0e28e4b_largef684.jpg]
[cdn.shopify.com/s/files/1/0032/3423/4479/files/shutterstock_1044481825_82f87b3e-5222-4c9a-98a6-12de846ffc15_large9cd6.jpg]
[cdn.shopify.com/s/files/1/0032/3423/4479/files/shutterstock_280876238_largec0aa.jpg]
[cdn.shopify.com/s/files/1/0032/3423/4479/files/shutterstock_129878591_1_largef7ed.jpg]
[cdn.shopify.com/s/files/1/0032/3423/4479/files/shutterstock_305295830_largee07e.jpg]
[cdn.shopify.com/s/files/1/0032/3423/4479/files/Lake_Champlain_Vermont_largeffc7.png]
[cdn.shopify.com/s/files/1/0032/3423/4479/files/shutterstock_502439266_1f755bab-e28d-4332-995f-61b1ac80f1a4_large2595.jpg]
[cdn.shopify.com/s/files/1/0032/3423/4479/files/shutterstock_9928675_80c0035c-20d2-4fd7-abc8-20ad475086dc_large819c.jpg]
[cdn.shopify.com/s/files/1/0032/3423/4479/files/shutterstock_647628562_large819c.jpg]
[beistravel.com/blogs/news/10-best-family-vacations-on-a-budget.html]
[cdn.shopify.com/s/files/1/0032/3423/4479/t/39/assets/20382b78fed2--filename-8f3dd.jpg]
[cdn.shopify.com/s/files/1/0032/3423/4479/files/DSC00851_grande3fe5.png]
[cdn.shopify.com/s/files/1/0032/3423/4479/files/pch_grande7972.jpg]
[cdn.shopify.com/s/files/1/0032/3423/4479/files/shutterstock_708960514_grande2f77.jpg]
[cdn.shopify.com/s/files/1/0032/3423/4479/files/shutterstock_541265497_grande3862.jpg]
[cdn.shopify.com/s/files/1/0032/3423/4479/files/route_66_grande7d04.jpg]
[cdn.shopify.com/s/files/1/0032/3423/4479/files/shutterstock_138403856_grandef2c4.jpg]
[beistravel.com/blogs/news/5-amazing-road-trip-ideas-across-america.html]
[cdn.shopify.com/s/files/1/0032/3423/4479/t/39/assets/b5768eb208f2--filename-133b9f.jpg]
[cdn.shopify.com/s/files/1/0032/3423/4479/files/DSC00839_1_grande6e1c.jpg]
[cdn.shopify.com/s/files/1/0032/3423/4479/files/DSC00457_grande136d.png]
[beistravel.com/blogs/news/14-road-trip-essentials-every-traveler-needs.html]
[cdn.shopify.com/s/files/1/0032/3423/4479/t/39/assets/d9fb09ba6e89--filename-17db08.jpg]
[cdn.shopify.com/s/files/1/0032/3423/4479/files/Staycation_Photo_1_large78cc.jpg]
[cdn.shopify.com/s/files/1/0032/3423/4479/files/BEIS_CTA1_21cfb.png]
[cdn.shopify.com/s/files/1/0032/3423/4479/files/Staycation_Photo_2_large3d91.jpg]
[cdn.shopify.com/s/files/1/0032/3423/4479/files/Staycation_Photo_3_large2815.jpg]
[beistravel.com/blogs/news/10-epic-staycation-ideas.html]
[beistravel.com/collections/makeup-cosmetic-cases2679.html]
[beistravel.com/collections/best-sellersc575.oembed]
[beistravel.com/collections/best-sellersfdfa.html]
[beistravel.com/collections/best-sellersc575.html]
[beistravel.com/collections/best-sellers235c.oembed]
[beistravel.com/collections/best-sellers235c.html]
[beistravel.com/collections/best-sellers1448.oembed]
[beistravel.com/collections/best-sellers1448.html]
[beistravel.com/collections/best-sellers0b08.oembed]
[beistravel.com/collections/best-sellers0b08.html]
[beistravel.com/blogs/news/ https_/beistravel.com/blogs/news/hard-vs-soft-luggage.html]
[beistravel.com/collections/diaper-bags .html]
[cdn.shopify.com/s/files/1/0032/3423/4479/t/309/assets/holiday-landing-page.scsse5cf.css]
[cdn.shopify.com/s/files/1/0032/3423/4479/t/309/assets/holiday-landing-page1ebd.js]
[cdn.shopify.com/s/files/1/0032/3423/4479/files/womensgiftguide_2000x5b6e.jpg]
[beistravel.com/collections/gifts-under-25.html]
[beistravel.com/collections/gifts-for-the-boss-babe.html]
[beistravel.com/collections/gifts-under-50.html]
[beistravel.com/collections/gifts-for-the-beauty-obsessed.html]
[beistravel.com/collections/gifts-under-100.html]
[beistravel.com/collections/gifts-for-organization.html]
[beistravel.com/collections/gifts-under-200.html]
[beistravel.com/collections/gifts-for-travel.html]
[beistravel.com/pages/holiday.html]
[beistravel.com/pages/black-friday.html]
[beistravel.com/blogs/news/www.parenting.com/travel/travel-mamas-packing-list-for-babies-and-toddlers.html]
[beistravel.com/collections/gifts-for-moms.html]
[cdn.shopify.com/s/files/1/0032/3423/4479/t/39/assets/2ea843a4d979--filename-15ebbf.jpg]
[cdn.shopify.com/s/files/1/0032/3423/4479/files/face_mask_largee6ca.jpg]
[cdn.shopify.com/s/files/1/0032/3423/4479/files/weekender_in_matcha_large3217.png]
[cdn.shopify.com/s/files/1/0032/3423/4479/files/scratch_map_50699ee6-c146-4135-8a05-8bd36bd20d6f_480x4800182.jpg]
[cdn.shopify.com/s/files/1/0032/3423/4479/files/sakura_pink_cosmetic_case_larged10f.png]
[cdn.shopify.com/s/files/1/0032/3423/4479/files/fuiji_largeab4e.jpg]
[cdn.shopify.com/s/files/1/0032/3423/4479/files/trtl_travel_large6b79.png]
[cdn.shopify.com/s/files/1/0032/3423/4479/files/matcha_backpack_largeec08.png]
[cdn.shopify.com/s/files/1/0032/3423/4479/files/hanging_jewelry_case_large8a8f.jpg]
[cdn.shopify.com/s/files/1/0032/3423/4479/files/packing_cubes_largeab58.png]
[beistravel.com/blogs/news/the-20-best-travel-gifts-for-travel-lovers.html]
[beistravel.com/blogs/news/mayaesthetic.com]
[beistravel.com/collections/best-sellersfdfa.html]
[cdn.shopify.com/s/files/1/0032/3423/4479/t/309/assets/holiday-landing-page.scsse5cf.css]
[beistravel.com/collections/gifts-under-25.atom]
[beistravel.com/collections/gifts-under-25.oembed]
[beistravel.com/collections/gifts-under-25.html]
[beistravel.com/collections/best-sellersfdfa.oembed]
[beistravel.com/collections/gifts-for-the-boss-babe.atom]
[beistravel.com/collections/gifts-for-the-boss-babe.oembed]
[beistravel.com/collections/gifts-for-the-boss-babe.html]
[beistravel.com/collections/gifts-for-the-boss-babe4658.html]
[beistravel.com/collections/gifts-under-50.atom]
[beistravel.com/collections/gifts-under-504658.html]
[beistravel.com/collections/gifts-under-50.html]
[beistravel.com/collections/gifts-under-50.oembed]
[beistravel.com/collections/gifts-for-the-beauty-obsessed.atom]
[beistravel.com/collections/gifts-for-the-beauty-obsessed.html]
[beistravel.com/collections/gifts-for-the-beauty-obsessed4658.html]
[beistravel.com/collections/gifts-for-the-beauty-obsessed.oembed]
[beistravel.com/collections/gifts-under-100.atom]
[beistravel.com/collections/gifts-under-1004658.html]
[beistravel.com/collections/gifts-under-100.oembed]
[beistravel.com/collections/gifts-under-1009ba9.html]
[beistravel.com/collections/gifts-under-100.html]
[beistravel.com/collections/gifts-under-100fdb0.html]
[beistravel.com/collections/gifts-for-organization.html]
[beistravel.com/collections/gifts-for-organization.atom]
[beistravel.com/collections/gifts-for-organization.oembed]
[beistravel.com/collections/gifts-under-200.atom]
[beistravel.com/collections/gifts-under-200.html]
[beistravel.com/collections/gifts-under-2004658.html]
[beistravel.com/collections/gifts-under-200.oembed]
[beistravel.com/collections/gifts-for-travel.atom]
[beistravel.com/collections/gifts-for-travel.html]
[beistravel.com/collections/gifts-for-travel4658.html]
[beistravel.com/collections/gifts-for-travel.oembed]
[beistravel.com/collections/gifts-for-moms.html]
[beistravel.com/collections/gifts-for-moms.atom]
[beistravel.com/collections/gifts-for-moms.oembed]
[beistravel.com/collections/gifts-for-the-boss-babe4658.html]
[beistravel.com/collections/gifts-for-the-boss-babe4658.oembed]
[beistravel.com/collections/gifts-for-the-boss-babe2679.html]
[beistravel.com/collections/gifts-under-504658.html]
[beistravel.com/collections/gifts-under-504658.oembed]
[beistravel.com/collections/gifts-under-502679.html]
[beistravel.com/collections/gifts-for-the-beauty-obsessed4658.html]
[beistravel.com/collections/gifts-for-the-beauty-obsessed4658.oembed]
[beistravel.com/collections/gifts-for-the-beauty-obsessed2679.html]
[beistravel.com/collections/gifts-under-1002679.html]
[beistravel.com/collections/gifts-under-1004658.html]
[beistravel.com/collections/gifts-under-1004658.oembed]
[beistravel.com/collections/gifts-under-1009ba9.html]
[beistravel.com/collections/gifts-under-1009ba9.oembed]
[beistravel.com/collections/gifts-under-100fdb0.html]
[beistravel.com/collections/gifts-under-100fdb0.oembed]
[beistravel.com/collections/gifts-under-2004658.html]
[beistravel.com/collections/gifts-under-2004658.oembed]
[beistravel.com/collections/gifts-under-2002679.html]
[beistravel.com/collections/gifts-for-travel2679.html]
[beistravel.com/collections/gifts-for-travel4658.html]
[beistravel.com/collections/gifts-for-the-boss-babe2679.html]
[beistravel.com/collections/gifts-under-502679.html]
[beistravel.com/collections/gifts-for-the-beauty-obsessed2679.html]
[beistravel.com/collections/gifts-for-travel4658.oembed]
[beistravel.com/collections/gifts-under-1002679.html]
[beistravel.com/collections/gifts-under-2002679.html]
[beistravel.com/collections/gifts-for-travel2679.html]
